<html>
<body>
<pre>
<h1>µVision Build Log</h1>
<h2>Project:</h2>
C:\Users\Gacon119\Desktop\DOAN\Project\MDK-ARM\GPIO.uvproj
Project File Date:  10/23/2013

<h2>Output:</h2>
Build target 'GPIO'
compiling main.c...
linking...
Program Size: Code=11376 RO-data=424 RW-data=192 ZI-data=1104  
FromELF: creating hex file...
".\OUT\GPIO.axf" - 0 Error(s), 0 Warning(s).
Load "C:\\Users\\Gacon119\\Desktop\\DOAN\\Project\\MDK-ARM\\OUT\\GPIO.axf" 
Erase Done.
Programming Done.
Verify OK.
Build target 'GPIO'
compiling main.c...
linking...
Program Size: Code=11376 RO-data=424 RW-data=192 ZI-data=1104  
FromELF: creating hex file...
".\OUT\GPIO.axf" - 0 Error(s), 0 Warning(s).
Load "C:\\Users\\Gacon119\\Desktop\\DOAN\\Project\\MDK-ARM\\OUT\\GPIO.axf" 
Erase Done.
Programming Done.
Verify OK.
Build target 'GPIO'
compiling main.c...
linking...
Program Size: Code=11364 RO-data=424 RW-data=192 ZI-data=1104  
FromELF: creating hex file...
".\OUT\GPIO.axf" - 0 Error(s), 0 Warning(s).
Load "C:\\Users\\Gacon119\\Desktop\\DOAN\\Project\\MDK-ARM\\OUT\\GPIO.axf" 
Erase Done.
Programming Done.
Verify OK.
Build target 'GPIO'
compiling main.c...
linking...
Program Size: Code=11372 RO-data=424 RW-data=192 ZI-data=1104  
FromELF: creating hex file...
".\OUT\GPIO.axf" - 0 Error(s), 0 Warning(s).
Load "C:\\Users\\Gacon119\\Desktop\\DOAN\\Project\\MDK-ARM\\OUT\\GPIO.axf" 
Erase Done.
Programming Done.
Verify OK.
Build target 'GPIO'
compiling main.c...
linking...
Program Size: Code=11372 RO-data=424 RW-data=192 ZI-data=1104  
FromELF: creating hex file...
".\OUT\GPIO.axf" - 0 Error(s), 0 Warning(s).
Build target 'GPIO'
compiling main.c...
linking...
Program Size: Code=11368 RO-data=424 RW-data=192 ZI-data=1104  
FromELF: creating hex file...
".\OUT\GPIO.axf" - 0 Error(s), 0 Warning(s).
Load "C:\\Users\\Gacon119\\Desktop\\DOAN\\Project\\MDK-ARM\\OUT\\GPIO.axf" 
Erase Done.
Programming Done.
Verify OK.
Build target 'GPIO'
compiling main.c...
linking...
Program Size: Code=11364 RO-data=424 RW-data=192 ZI-data=1104  
FromELF: creating hex file...
".\OUT\GPIO.axf" - 0 Error(s), 0 Warning(s).
Build target 'GPIO'
compiling main.c...
linking...
Program Size: Code=11308 RO-data=424 RW-data=192 ZI-data=1104  
FromELF: creating hex file...
".\OUT\GPIO.axf" - 0 Error(s), 0 Warning(s).
Load "C:\\Users\\Gacon119\\Desktop\\DOAN\\Project\\MDK-ARM\\OUT\\GPIO.axf" 
Erase Done.
Programming Done.
Verify OK.
