<html>
<body>
<pre>
<h1>µVision Build Log</h1>
<h2>Project:</h2>
C:\Users\sillyDAT\Desktop\STM32F4\F4_GPIO\Project\MDK-ARM\GPIO.uvproj
Project File Date:  07/29/2013

<h2>Output:</h2>
Build target 'GPIO'
assembling startup_stm32f4xx.s...
compiling misc.c...
compiling stm32f4xx_rcc.c...
compiling stm32f4xx_gpio.c...
compiling main.c...
compiling system_stm32f4xx.c...
linking...
Program Size: Code=2894 RO-data=434 RW-data=56 ZI-data=1024  
FromELF: creating hex file...
".\OUT\GPIO.axf" - 0 Error(s), 0 Warning(s).
Build target 'GPIO'
compiling main.c...
linking...
Program Size: Code=2946 RO-data=434 RW-data=52 ZI-data=1028  
FromELF: creating hex file...
".\OUT\GPIO.axf" - 0 Error(s), 0 Warning(s).
Load "C:\\Users\\sillyDAT\\Desktop\\STM32F4\\F4_GPIO\\Project\\MDK-ARM\\OUT\\GPIO.axf" 
Erase Done.
Programming Done.
Verify OK.
